components/MenuBar.tsx(17,8): error TS1259: Module '"C:/Coding_Projects/DoContrib/node_modules/@types/react/index"' can only be default-imported using the 'esModuleInterop' flag
components/MenuBar.tsx(35,9): error TS17004: Cannot use JSX unless the '--jsx' flag is provided.
components/MenuBar.tsx(48,9): error TS17004: Cannot use JSX unless the '--jsx' flag is provided.
components/MenuBar.tsx(49,13): error TS17004: Cannot use JSX unless the '--jsx' flag is provided.
components/MenuBar.tsx(50,17): error TS17004: Cannot use JSX unless the '--jsx' flag is provided.
components/MenuBar.tsx(50,18): error TS2741: Property 'children' is missing in type '{ onClick: () => any; isActive: any; title: string; }' but required in type 'ButtonProps'.
components/MenuBar.tsx(55,21): error TS17004: Cannot use JSX unless the '--jsx' flag is provided.
components/MenuBar.tsx(58,17): error TS17004: Cannot use JSX unless the '--jsx' flag is provided.
components/MenuBar.tsx(58,18): error TS2741: Property 'children' is missing in type '{ onClick: () => any; isActive: any; title: string; }' but required in type 'ButtonProps'.
components/MenuBar.tsx(63,21): error TS17004: Cannot use JSX unless the '--jsx' flag is provided.
components/MenuBar.tsx(66,17): error TS17004: Cannot use JSX unless the '--jsx' flag is provided.
components/MenuBar.tsx(66,18): error TS2741: Property 'children' is missing in type '{ onClick: () => any; isActive: any; title: string; }' but required in type 'ButtonProps'.
components/MenuBar.tsx(71,21): error TS17004: Cannot use JSX unless the '--jsx' flag is provided.
components/MenuBar.tsx(74,17): error TS17004: Cannot use JSX unless the '--jsx' flag is provided.
components/MenuBar.tsx(74,18): error TS2741: Property 'children' is missing in type '{ onClick: () => any; isActive: any; title: string; }' but required in type 'ButtonProps'.
components/MenuBar.tsx(79,21): error TS17004: Cannot use JSX unless the '--jsx' flag is provided.
components/MenuBar.tsx(82,17): error TS17004: Cannot use JSX unless the '--jsx' flag is provided.
components/MenuBar.tsx(84,17): error TS17004: Cannot use JSX unless the '--jsx' flag is provided.
components/MenuBar.tsx(84,18): error TS2741: Property 'children' is missing in type '{ onClick: () => any; isActive: any; title: string; }' but required in type 'ButtonProps'.
components/MenuBar.tsx(89,21): error TS17004: Cannot use JSX unless the '--jsx' flag is provided.
components/MenuBar.tsx(92,17): error TS17004: Cannot use JSX unless the '--jsx' flag is provided.
components/MenuBar.tsx(92,18): error TS2741: Property 'children' is missing in type '{ onClick: () => any; isActive: any; title: string; }' but required in type 'ButtonProps'.
components/MenuBar.tsx(97,21): error TS17004: Cannot use JSX unless the '--jsx' flag is provided.
components/MenuBar.tsx(100,17): error TS17004: Cannot use JSX unless the '--jsx' flag is provided.
components/MenuBar.tsx(102,17): error TS17004: Cannot use JSX unless the '--jsx' flag is provided.
components/MenuBar.tsx(102,18): error TS2741: Property 'children' is missing in type '{ onClick: () => any; isActive: any; title: string; }' but required in type 'ButtonProps'.
components/MenuBar.tsx(107,21): error TS17004: Cannot use JSX unless the '--jsx' flag is provided.
components/MenuBar.tsx(110,17): error TS17004: Cannot use JSX unless the '--jsx' flag is provided.
components/MenuBar.tsx(110,18): error TS2741: Property 'children' is missing in type '{ onClick: () => any; isActive: any; title: string; }' but required in type 'ButtonProps'.
components/MenuBar.tsx(115,21): error TS17004: Cannot use JSX unless the '--jsx' flag is provided.
components/MenuBar.tsx(118,17): error TS17004: Cannot use JSX unless the '--jsx' flag is provided.
components/MenuBar.tsx(118,18): error TS2741: Property 'children' is missing in type '{ onClick: () => any; isActive: any; title: string; }' but required in type 'ButtonProps'.
components/MenuBar.tsx(123,21): error TS17004: Cannot use JSX unless the '--jsx' flag is provided.
components/MenuBar.tsx(126,17): error TS17004: Cannot use JSX unless the '--jsx' flag is provided.
components/MenuBar.tsx(128,17): error TS17004: Cannot use JSX unless the '--jsx' flag is provided.
components/MenuBar.tsx(128,18): error TS2741: Property 'children' is missing in type '{ onClick: () => any; disabled: boolean; title: string; }' but required in type 'ButtonProps'.
components/MenuBar.tsx(133,21): error TS17004: Cannot use JSX unless the '--jsx' flag is provided.
components/MenuBar.tsx(136,17): error TS17004: Cannot use JSX unless the '--jsx' flag is provided.
components/MenuBar.tsx(136,18): error TS2741: Property 'children' is missing in type '{ onClick: () => any; disabled: boolean; title: string; }' but required in type 'ButtonProps'.
components/MenuBar.tsx(141,21): error TS17004: Cannot use JSX unless the '--jsx' flag is provided.
node_modules/@tiptap/react/dist/index.d.ts(5,8): error TS1259: Module '"C:/Coding_Projects/DoContrib/node_modules/@types/react/index"' can only be default-imported using the 'esModuleInterop' flag
node_modules/@tiptap/react/dist/index.d.ts(89,20): error TS2344: Type 'T' does not satisfy the constraint 'keyof IntrinsicElements | JSXElementConstructor<any>'.
  Type 'string | number | symbol' is not assignable to type 'keyof IntrinsicElements | JSXElementConstructor<any>'.
    Type 'string' is not assignable to type 'keyof IntrinsicElements | JSXElementConstructor<any>'.
